// Vitest Snapshot v1, https://vitest.dev/guide/snapshot.html

exports[`Route Planner > should calculate a complex route 1`] = `
[
  GPSPoint {
    "category": "slowzone",
    "class": "poi",
    "color": "#40EC34",
    "name": "Deimos",
    "parent": undefined,
    "radius": undefined,
    "x": 900000,
    "y": -800000,
    "z": 0,
  },
  GPSPoint {
    "category": "highspeed",
    "class": "poi",
    "color": "#40EC34",
    "name": "Turn (Deimos)",
    "parent": undefined,
    "radius": undefined,
    "x": 1089869.3372478222,
    "y": -863289.7790826075,
    "z": 101263.64653217181,
  },
  GPSPoint {
    "category": "highspeed",
    "class": "poi",
    "color": "#FF0000",
    "name": "Obstacle (Mars - (R:400km))",
    "parent": undefined,
    "radius": undefined,
    "x": 1074471.3741052279,
    "y": -725346.2784975092,
    "z": 230174.86047575067,
  },
  GPSPoint {
    "category": "highspeed",
    "class": "poi",
    "color": "#FF0000",
    "name": "Obstacle (Mars - (R:400km))",
    "parent": undefined,
    "radius": undefined,
    "x": 893114.0694867821,
    "y": -522459.5884340666,
    "z": 280510.32457491197,
  },
  GPSPoint {
    "category": "highspeed",
    "class": "poi",
    "color": "#FF8C00",
    "name": "Obstacle (Vesta - (R:300km))",
    "parent": undefined,
    "radius": undefined,
    "x": -1218963.1149383665,
    "y": 1270334.8283263796,
    "z": 78797.65686730255,
  },
  GPSPoint {
    "category": "highspeed",
    "class": "poi",
    "color": "#008000",
    "name": "Obstacle (Uranus - (R:500km))",
    "parent": undefined,
    "radius": undefined,
    "x": -3889118.8454798968,
    "y": 3313895.103712005,
    "z": -577576.5005835672,
  },
  GPSPoint {
    "category": "slowzone",
    "class": "poi",
    "color": "#FF8C00",
    "name": "Lithoturn (Uranus - (R:500km))",
    "parent": undefined,
    "radius": undefined,
    "x": -3952090.922759164,
    "y": 3307845.5164868473,
    "z": -553345.2344072373,
  },
  GPSPoint {
    "category": "slowzone",
    "class": "poi",
    "color": "#40EC34",
    "name": "Ariel",
    "parent": undefined,
    "radius": undefined,
    "x": -4105528.3827548507,
    "y": 3117713.896041813,
    "z": -365891.25857138366,
  },
]
`;

exports[`Route Planner > should calculate the optimal route between two points with an obstacle 1`] = `
[
  GPSPoint {
    "category": "slowzone",
    "class": "poi",
    "color": "#40EC34",
    "name": "Deimos",
    "parent": undefined,
    "radius": undefined,
    "x": 900000,
    "y": -800000,
    "z": 0,
  },
  GPSPoint {
    "category": "slowzone",
    "class": "poi",
    "color": "#40EC34",
    "name": "Obstacle (Mars)",
    "parent": undefined,
    "radius": undefined,
    "x": 818756.194359412,
    "y": -722843.175786474,
    "z": -130962.25209164093,
  },
  GPSPoint {
    "category": "slowzone",
    "class": "poi",
    "color": "#40EC34",
    "name": "Phobos",
    "parent": undefined,
    "radius": undefined,
    "x": 655622.6273413141,
    "y": -652418.8335137389,
    "z": -246048.17271802254,
  },
]
`;
